[2026-05-16 01:46:49] native_menu: 64 unique UUserWidget-derived classes live:
[2026-05-16 01:46:49] native_menu:   [0] WBP_UI_HUD_Timer_Number_C : UserWidget (count=8 class=0x1A8852AB920 sample=0x1A89CED26C0)
[2026-05-16 01:46:49] native_menu:   [1] WBP_UI_HUD_Wins_Number_C : UserWidget (count=12 class=0x1A89B978200 sample=0x1A89CEDAD80)
[2026-05-16 01:46:49] native_menu:   [2] WBP_UI_HUD_GaugeCustom_C : UserWidget (count=3 class=0x1A89B34F040 sample=0x1A89B34B530)
[2026-05-16 01:46:49] native_menu:   [3] WBP_UI_HUD_Timer_C : UserWidget (count=3 class=0x1A89B36D4B0 sample=0x1A89A6BDF00)
[2026-05-16 01:46:49] native_menu:   [4] WBP_UI_HUD_RoundCounter_C : UserWidget (count=30 class=0x1A89B34E860 sample=0x1A89A6BA600)
[2026-05-16 01:46:49] native_menu:   [5] WBP_UI_HUD_RTT_Debug_C : UserWidget (count=3 class=0x1A89B976E50 sample=0x1A89A6BE200)
[2026-05-16 01:46:49] native_menu:   [6] WBP_UI_HUD_Information_C : UserWidget (count=3 class=0x1A89AF4F430 sample=0x1A8ACB9DD00)
[2026-05-16 01:46:49] native_menu:   [7] WBP_UI_HUD_RTT_C : UserWidget (count=3 class=0x1A89B9756B0 sample=0x1A8ABB9A500)
[2026-05-16 01:46:49] native_menu:   [8] WBP_UI_HUD_Player_C : UserWidget (count=1 class=0x1A89AF4F820 sample=0x1A89A0811E0)
[2026-05-16 01:46:49] native_menu:   [9] WBP_UI_HUD_Gauge_C : UserWidget (count=1 class=0x1A8998AC100 sample=0x1A89A6D3620)
[2026-05-16 01:46:49] native_menu:   [10] WBP_UI_HUD_Zone_C : UserWidget (count=1 class=0x1A89B37D4B0 sample=0x1A883029760)
[2026-05-16 01:46:49] native_menu:   [11] WBP_UI_InformationBar_text_C : UserWidget (count=2 class=0x1A89B372380 sample=0x1A8FE940300)
[2026-05-16 01:46:49] native_menu:   [12] WBP_UI_Guide_ButtonList_C : UserWidget (count=16 class=0x1A883C0C100 sample=0x1A8FE940040)
[2026-05-16 01:46:49] native_menu:   [13] WBP_UI_HUD_Player_S2_C : UserWidget (count=2 class=0x1A8AA3EB530 sample=0x1A991F44970)
[2026-05-16 01:46:49] native_menu:   [14] WBP_UI_HUD_Gauge_S2_C : UserWidget (count=2 class=0x1A8AA3E07F0 sample=0x1A936EA95C0)
[2026-05-16 01:46:49] native_menu:   [15] WBP_UI_HUD_Version_C : UserWidget (count=2 class=0x1A8AA3E0FD0 sample=0x1A8BDD4AAC0)
[2026-05-16 01:46:49] native_menu:   [16] WBP_UI_HUD_Zone_S2_C : UserWidget (count=2 class=0x1A8AA3E46F0 sample=0x1A972FF0040)
[2026-05-16 01:46:49] native_menu:   [17] WBP_UI_GameMessage_KO_Effect_C : UserWidget (count=2 class=0x1A9421F6670 sample=0x1A94502B300)
[2026-05-16 01:46:49] native_menu:   [18] WBP_UI_HUD_ControlGuide_Line_C : UserWidget (count=24 class=0x1A9421F17B0 sample=0x1A9C286D280)
[2026-05-16 01:46:49] native_menu:   [19] WBP_UI_GameMessage_READY2_C : UserWidget (count=2 class=0x1A9422299A0 sample=0x1A9C2865100)
[2026-05-16 01:46:49] native_menu:   [20] WBP_UI_GameMessage_ROUND_02_C : UserWidget (count=2 class=0x1A8CEA6F820 sample=0x1A9C286FC80)
[2026-05-16 01:46:49] native_menu:   [21] WBP_UI_GameMessage_ROUND_01_C : UserWidget (count=2 class=0x1A8AA4A2380 sample=0x1A9C286EB00)
[2026-05-16 01:46:49] native_menu:   [22] WBP_UI_GameMessage_ROUND_05_C : UserWidget (count=2 class=0x1A942228200 sample=0x1A9C286A500)
[2026-05-16 01:46:49] native_menu:   [23] WBP_UI_GameMessage_ROUND_07_C : UserWidget (count=2 class=0x1A8BD4F2770 sample=0x1A9C286BA00)
[2026-05-16 01:46:49] native_menu:   [24] WBP_UI_GameMessage_ROUND_06_C : UserWidget (count=2 class=0x1A8BD4F6A60 sample=0x1A9C286AF80)
[2026-05-16 01:46:49] native_menu:   [25] WBP_UI_GameMessage_ROUND_04_C : UserWidget (count=2 class=0x1A8BD4F3730 sample=0x1A9C2869A80)
[2026-05-16 01:46:49] native_menu:   [26] WBP_UI_GameMessage_ROUND_08_C : UserWidget (count=2 class=0x1A8BD4F0400 sample=0x1A9C286D600)
[2026-05-16 01:46:49] native_menu:   [27] WBP_UI_GameMessage_ROUND_03_C : UserWidget (count=2 class=0x1A8BD4F3F10 sample=0x1A9C2869700)
[2026-05-16 01:46:49] native_menu:   [28] WBP_UI_GameMessage_ROUND_09_C : UserWidget (count=2 class=0x1A8BD4F95B0 sample=0x1A9C2860080)
[2026-05-16 01:46:49] native_menu:   [29] WBP_UI_GameMessage_FIGHT2_C : UserWidget (count=2 class=0x1A8BD4F4AE0 sample=0x1A8BD4FF820)
[2026-05-16 01:46:49] native_menu:   [30] WBP_UI_GameMessage_TIMEUP_C : UserWidget (count=2 class=0x1A8BD4F3B20 sample=0x1A9C2862E00)
[2026-05-16 01:46:49] native_menu:   [31] WBP_UI_GameMessage_YOU_LOSE_C : UserWidget (count=2 class=0x1A8BD4F6E50 sample=0x1A8BAB0A900)
[2026-05-16 01:46:49] native_menu:   [32] WBP_UI_GameMessage_YOU_WIN_C : UserWidget (count=2 class=0x1A8BD4F6670 sample=0x1A9C2864A00)
[2026-05-16 01:46:49] native_menu:   [33] WBP_UI_GameMessage_ROUND_F_C : UserWidget (count=2 class=0x1A8BD4FB920 sample=0x1A9C2862700)
[2026-05-16 01:46:49] native_menu:   [34] WBP_UI_GameMessage_DRAW_C : UserWidget (count=2 class=0x1A8BD4FAD50 sample=0x1A8BAB0D300)
[2026-05-16 01:46:49] native_menu:   [35] WBP_UI_GameMessage_KO_C : UserWidget (count=2 class=0x1A8BD4F07F0 sample=0x1A9A05C4E10)
[2026-05-16 01:46:49] native_menu:   [36] WBP_UI_GameMessage_KO_Clash_C : UserWidget (count=2 class=0x1A8BD4F91C0 sample=0x1A8B02A0040)
[2026-05-16 01:46:49] native_menu:   [37] WBP_UI_GameMessage_PERFECT_C : UserWidget (count=2 class=0x1A8BD4F0BE0 sample=0x1A8BAB0BE00)
[2026-05-16 01:46:49] native_menu:   [38] WBP_UI_GameMessage_GREAT_C : UserWidget (count=2 class=0x1A8BD4FA180 sample=0x1A8BAB06D00)
[2026-05-16 01:46:49] native_menu:   [39] WBP_UI_Practice_Simple_C : UserWidget (count=4 class=0x1A9310C7240 sample=0x1A9D9584D40)
[2026-05-16 01:46:49] native_menu:   [40] WBP_UI_CommandList_Heading_C : UserWidget (count=3 class=0x1A9310C7E10 sample=0x1A99DA5B300)
[2026-05-16 01:46:49] native_menu:   [41] WBP_UI_CommandList_Tab_Guide_C : UserWidget (count=4 class=0x1A930FE8200 sample=0x1A9D958E480)
[2026-05-16 01:46:49] native_menu:   [42] WBP_UI_Practice_History_Line_C : UserWidget (count=40 class=0x1A8AA3EE860 sample=0x1A9E2DDD400)
[2026-05-16 01:46:49] native_menu:   [43] WBP_UI_Practice_CountDown_C : UserWidget (count=2 class=0x1A8BD4F2B60 sample=0x1A89AC83A00)
[2026-05-16 01:46:49] native_menu:   [44] WBP_UI_Practice_HP_Text_C : UserWidget (count=4 class=0x1A8DF4BC100 sample=0x1A89AC80B40)
[2026-05-16 01:46:49] native_menu:   [45] WBP_UI_Practice_History_C : UserWidget (count=4 class=0x1A8DF4B5E90 sample=0x1A89AC82C40)
[2026-05-16 01:46:49] native_menu:   [46] WBP_UI_Practice_Info_S2_C : UserWidget (count=4 class=0x1A99BB0FC10 sample=0x1A99BB01F90)
[2026-05-16 01:46:49] native_menu:   [47] WBP_UI_Practice_Info_R_S2_C : UserWidget (count=2 class=0x1A99BB07A20 sample=0x1A89B370FD0)
[2026-05-16 01:46:49] native_menu:   [48] WBP_UI_Practice_Info_L_S2_C : UserWidget (count=2 class=0x1A988F08DD0 sample=0x1A89B377E10)
[2026-05-16 01:46:49] native_menu:   [49] WBP_UI_Practice_TIPS_C : UserWidget (count=2 class=0x1A9426EAD50 sample=0x1A9D968EE80)
[2026-05-16 01:46:49] native_menu:   [50] WBP_UI_Practice_ComboChallenge_Line_C : UserWidget (count=22 class=0x1A99BB091C0 sample=0x1A975AC7000)
[2026-05-16 01:46:49] native_menu:   [51] WBP_UI_CommandList_Note_C : UserWidget (count=2 class=0x1A89D0C7A20 sample=0x1A8AE42D600)
[2026-05-16 01:46:49] native_menu:   [52] WBP_UI_CommandList_Win_C : UserWidget (count=2 class=0x1A89B375E90 sample=0x1A9D9686D00)
[2026-05-16 01:46:49] native_menu:   [53] WBP_UI_CounterPractice_Win_C : UserWidget (count=2 class=0x1A93627F040 sample=0x1A95421D980)
[2026-05-16 01:46:49] native_menu:   [54] WBP_UI_ComboChallenge_Command_C : UserWidget (count=10 class=0x1A9C23AB530 sample=0x1A9A0668700)
[2026-05-16 01:46:49] native_menu:   [55] WBP_UI_ComboChallenge_Win_C : UserWidget (count=2 class=0x1A9310DD4B0 sample=0x1A9DB0FC100)
[2026-05-16 01:46:49] native_menu:   [56] WBP_UI_PracticeMenu_Menu_3_C : UserWidget (count=3 class=0x1A9C2884300 sample=0x1A9DBB17940)
[2026-05-16 01:46:49] native_menu:   [57] WBP_UI_MatchDialog_Menu_C : UserWidget (count=2 class=0x1A99BBDE080 sample=0x1A90DB96970)
[2026-05-16 01:46:49] native_menu:   [58] WBP_UI_CommandList_Help_Line_C : PolarisButton (count=45 class=0x1A99BB00FD0 sample=0x1A90D8A2E00)
[2026-05-16 01:46:49] native_menu:   [59] WBP_UI_Practice_ArrowButton_C : PolarisButton (count=40 class=0x1A99BB08200 sample=0x1A9D968A500)
[2026-05-16 01:46:49] native_menu:   [60] WBP_UI_CommandList_Tab_C : PolarisButton (count=6 class=0x1A8AA42C100 sample=0x1A9D968E780)
[2026-05-16 01:46:49] native_menu:   [61] WBP_UI_CommandList_Button_C : PolarisButton (count=5 class=0x1A99BB09D90 sample=0x1A933778BC0)
[2026-05-16 01:46:49] native_menu:   [62] WBP_UI_CounterPractice_Button_C : PolarisButton (count=4 class=0x1A8AA3B2B60 sample=0x1A93627EC50)
[2026-05-16 01:46:49] native_menu:   [63] WBP_UI_CounterPractice_Command_C : PolarisButton (count=16 class=0x1A8AA3B1BA0 sample=0x1A98CD41BE0)